[
    {
        "id": "6bb9b401-cebd-4dbe-b388-ec49f6c4cef8",
        "name": "Great community",
        "description": "This is the greatest community in the world!",
        "author": "3e99473b-637a-4eb5-b151-baa3c441e73d",
        "created_at": "2012-01-05T22:54:00+01:00"
    }
]
